???hwnd=0x60042 client=(2544, 657) elevated=True
[row 0] ?먰봽 (1020, 620) 5.8s, ?좉퇋 51???遺꾨쪟 0.9s
  ?? 1 cmd -520 ?대룞 [(-473.0, 0, 0.416), (-502.0, 0, 0.334), (-558.0, 0, 0.514)] ?대룞1.21s 異붿쟻0.11s 遺꾨쪟0.86s ?좉퇋 50
  ?? 2 cmd -1900 ?대룞 [(-1298.0, 2, 0.128), (-1528.0, 2, 0.053), (-1647.0, 1, -0.003)] ?대룞1.71s 異붿쟻0.10s 遺꾨쪟0.99s ?좉퇋 58
  ?? 3 cmd -1900 ?대룞 [(-1649.0, -4, 0.138), (-1869.0, -7, 0.122), (-1494.0, -4, 0.228)] ?대룞1.64s 異붿쟻0.10s 遺꾨쪟1.14s ?좉퇋 65
  ?? 4 cmd -1900 ?대룞 [(-1948.0, 8, 0.14), (-1550.0, -11, 0.176), (-1506.0, 11, 0.197)] ?대룞1.71s 異붿쟻0.08s 遺꾨쪟1.07s ?좉퇋 62
  ?? 5 cmd -1900 ?대룞 [(-1635.0, 0, 0.276), (-1729.0, 0, 0.293), (-1819.0, 0, 0.361)] ?대룞1.69s 異붿쟻0.10s 遺꾨쪟1.21s ?좉퇋 70
  ?? 6 cmd -1900 ?대룞 [(-1765.0, 0, 0.494), (-1904.0, 0, 0.445), (-1970.0, 0, 0.247)] ?대룞1.63s 異붿쟻0.10s 遺꾨쪟1.24s ?좉퇋 73
  ?? 7 cmd -1900 ?대룞 [(-1518.0, 12, 0.331), (-2003.0, 7, 0.117), (-1624.0, 11, 0.095)] ?대룞1.67s 異붿쟻0.09s 遺꾨쪟1.18s ?좉퇋 68
  ?? 8 cmd -1900 ?대룞 [(-1606.0, -12, 0.217), (-1773.0, 4, 0.148), (-1514.0, 10, 0.106)] ?대룞1.68s 異붿쟻0.10s 遺꾨쪟1.13s ?좉퇋 64
  ?? 9 cmd -1900 ?대룞 [(-2049.0, -12, 0.122), (-1524.0, 6, 0.065), (-1681.0, 12, 0.094)] ?대룞1.76s 異붿쟻0.05s 遺꾨쪟1.09s ?좉퇋 67
  ??10 cmd -1900 ?대룞 [(-1765.0, 0, 0.198), (-1917.0, -1, 0.136), (-1589.0, 12, 0.208)] ?대룞1.70s 異붿쟻0.08s 遺꾨쪟1.17s ?좉퇋 67
[row 1] ?먰봽 (1022, 624) 5.9s, ?좉퇋 51???遺꾨쪟 0.9s
  ?? 1 cmd -520 ?대룞 [(-486.0, 0, 0.499), (-528.0, 0, 0.41), (-540.0, 0, 0.531)] ?대룞1.17s 異붿쟻0.10s 遺꾨쪟0.80s ?좉퇋 48
  ?? 2 cmd -1900 ?대룞 [(-1778.0, -3, 0.299), (-1884.0, -5, 0.417), (-1956.0, 0, 0.31)] ?대룞1.60s 異붿쟻0.10s 遺꾨쪟1.24s ?좉퇋 73
  ?? 3 cmd -1900 ?대룞 [(-1815.0, 1, 0.41), (-1920.0, 0, 0.46), (-1990.0, -1, 0.64)] ?대룞1.99s 異붿쟻0.04s 遺꾨쪟1.28s ?좉퇋 73
  ?? 4 cmd -1900 ?대룞 [(-1773.0, -1, 0.291), (-1922.0, -1, 0.505), (-1968.0, 1, 0.4)] ?대룞1.57s 異붿쟻0.10s 遺꾨쪟1.21s ?좉퇋 71
  ?? 5 cmd -1900 ?대룞 [(-1333.0, 12, 0.276), (-1890.0, 0, 0.379), (-1979.0, 0, 0.385)] ?대룞1.60s 異붿쟻0.10s 遺꾨쪟1.27s ?좉퇋 72
  ?? 6 cmd -1900 ?대룞 [(-1862.0, -3, 0.327), (-1951.0, -2, 0.192), (-1985.0, 0, 0.243)] ?대룞1.60s 異붿쟻0.10s 遺꾨쪟1.25s ?좉퇋 72
  ?? 7 cmd -1900 ?대룞 [(-1811.0, 0, 0.216), (-1898.0, 0, 0.188), (-1976.0, 0, 0.18)] ?대룞1.60s 異붿쟻0.10s 遺꾨쪟1.26s ?좉퇋 72
  ?? 8 cmd -1900 ?대룞 [(-1795.0, 0, 0.149), (-1885.0, 0, 0.169), (-1966.0, 0, 0.157)] ?대룞1.60s 異붿쟻0.10s 遺꾨쪟1.21s ?좉퇋 71
  ?? 9 cmd -1900 ?대룞 [(-1996.0, 3, 0.146), (-1892.0, 0, 0.264), (-1959.0, 2, 0.16)] ?대룞1.53s 異붿쟻0.10s 遺꾨쪟1.20s ?좉퇋 72
  ??10 cmd -1900 ?대룞 [(-1851.0, 5, 0.446), (-2003.0, -3, 0.457), (-2085.0, 8, 0.166)] ?대룞1.72s 異붿쟻0.08s 遺꾨쪟1.32s ?좉퇋 77
[row 2] ?먰봽 (1024, 628) 5.8s, ?좉퇋 51???遺꾨쪟 0.9s
  ?? 1 cmd -520 ?대룞 [(-471.0, 0, 0.356), (-506.0, 0, 0.376), (-524.0, 0, 0.449)] ?대룞1.41s 異붿쟻0.10s 遺꾨쪟0.81s ?좉퇋 48
  ?? 2 cmd -1900 ?대룞 [(-1773.0, 0, 0.354), (-1906.0, -4, 0.254), (-1971.0, 0, 0.318)] ?대룞1.99s 異붿쟻0.10s 遺꾨쪟1.25s ?좉퇋 72
  ?? 3 cmd -1900 ?대룞 [(-1778.0, 0, 0.377), (-1884.0, -1, 0.359), (-1971.0, 1, 0.39)] ?대룞1.85s 異붿쟻0.02s 遺꾨쪟1.27s ?좉퇋 74
  ?? 4 cmd -1900 ?대룞 [(-1860.0, 0, 0.306), (-1956.0, 0, 0.277), (-1634.0, 9, 0.247)] ?대룞1.82s 異붿쟻0.10s 遺꾨쪟1.07s ?좉퇋 65
  ?? 5 cmd -1900 ?대룞 [(-1797.0, 0, 0.429), (-1897.0, 0, 0.453), (-1967.0, 0, 0.539)] ?대룞1.57s 異붿쟻0.04s 遺꾨쪟1.23s ?좉퇋 73
  ?? 6 cmd -1900 ?대룞 [(-1817.0, 0, 0.224), (-1918.0, 0, 0.414), (-2032.0, 0, 0.201)] ?대룞1.93s 異붿쟻0.11s 遺꾨쪟1.23s ?좉퇋 73
  ?? 7 cmd -1900 ?대룞 [(-1765.0, 0, 0.177), (-1940.0, -2, 0.211), (-1971.0, 0, 0.22)] ?대룞1.82s 異붿쟻0.10s 遺꾨쪟1.21s ?좉퇋 71
  ?? 8 cmd -1900 ?대룞 [(-1794.0, 0, 0.149), (-1914.0, 0, 0.13), (-1963.0, 7, 0.13)] ?대룞1.56s 異붿쟻0.10s 遺꾨쪟1.27s ?좉퇋 73
  ?? 9 cmd -1900 ?대룞 [(-1741.0, -3, 0.101), (-1874.0, 0, 0.17), (-1992.0, 0, 0.259)] ?대룞1.62s 異붿쟻0.10s 遺꾨쪟1.24s ?좉퇋 70
  ??10 cmd -1900 ?대룞 [(-1815.0, -11, 0.253), (-1988.0, -12, 0.225), (-2002.0, 0, 0.261)] ?대룞1.53s 異붿쟻0.10s 遺꾨쪟1.26s ?좉퇋 72
[row 3] ?먰봽 (1026, 632) 5.7s, ?좉퇋 51???遺꾨쪟 0.9s
  ?? 1 cmd -520 ?대룞 [(-472.0, 0, 0.363), (-506.0, 0, 0.438), (-524.0, 0, 0.434)] ?대룞1.26s 異붿쟻0.09s 遺꾨쪟0.82s ?좉퇋 48
  ?? 2 cmd -1900 ?대룞 [(-1779.0, 0, 0.464), (-1913.0, -1, 0.254), (-1612.0, 12, 0.157)] ?대룞2.07s 異붿쟻0.11s 遺꾨쪟1.11s ?좉퇋 65
  ?? 3 cmd -1900 ?대룞 [(-1773.0, 0, 0.305), (-1882.0, 0, 0.123), (-2001.0, 0, 0.132)] ?대룞2.07s 異붿쟻0.09s 遺꾨쪟1.28s ?좉퇋 74
  ?? 4 cmd -1900 ?대룞 [(-1776.0, 0, 0.503), (-1912.0, 0, 0.277), (-1997.0, 0, 0.509)] ?대룞1.71s 異붿쟻0.10s 遺꾨쪟1.24s ?좉퇋 72
  ?? 5 cmd -1900 ?대룞 [(-1787.0, 0, 0.36), (-1869.0, 0, 0.22), (-2000.0, 0, 0.195)] ?대룞1.75s 異붿쟻0.10s 遺꾨쪟1.20s ?좉퇋 71
  ?? 6 cmd -1900 ?대룞 [(-2072.0, -12, 0.107), (-2072.0, -12, 0.134), (-2064.0, -12, 0.085)] ?대룞1.55s 異붿쟻0.10s 遺꾨쪟1.27s ?좉퇋 76
  ?? 7 cmd -1900 ?대룞 [(-1579.0, -6, 0.096), (-1650.0, 6, 0.077), (-1728.0, 7, 0.144)] ?대룞1.66s 異붿쟻0.11s 遺꾨쪟1.06s ?좉퇋 63
  ?? 8 cmd -1900 ?대룞 [(-1543.0, 3, 0.081), (-1848.0, 12, 0.112), (-1731.0, -9, 0.12)] ?대룞1.74s 異붿쟻0.10s 遺꾨쪟1.11s ?좉퇋 66
  ?? 9 cmd -1900 ?대룞 [(-1641.0, 2, 0.21), (-1691.0, 2, 0.284), (-1676.0, 7, 0.155)] ?대룞1.75s 異붿쟻0.10s 遺꾨쪟0.84s ?좉퇋 66
  ??10 cmd -1900 ?대룞 [(-1841.0, -12, 0.222), (-1865.0, -12, 0.217), (-1597.0, -3, 0.088)] ?대룞1.76s 異붿쟻0.10s 遺꾨쪟1.07s ?좉퇋 62
[row 4] ?먰봽 (1028, 636) 6.1s, ?좉퇋 51???遺꾨쪟 0.8s
  ?? 1 cmd -520 ?대룞 [(-468.0, 0, 0.368), (-501.0, 0, 0.507), (-524.0, 0, 0.506)] ?대룞1.13s 異붿쟻0.10s 遺꾨쪟0.83s ?좉퇋 48
  ?? 2 cmd -1900 ?대룞 [(-1767.0, 0, 0.297), (-1899.0, -3, 0.333), (-1978.0, -1, 0.211)] ?대룞1.57s 異붿쟻0.10s 遺꾨쪟1.21s ?좉퇋 72
  ?? 3 cmd -1900 ?대룞 [(-1885.0, 0, 0.208), (-1923.0, 0, 0.153), (-1990.0, 0, 0.176)] ?대룞1.56s 異붿쟻0.10s 遺꾨쪟1.24s ?좉퇋 73
  ?? 4 cmd -1900 ?대룞 [(-1696.0, 4, 0.256), (-1980.0, -7, 0.294), (-1871.0, 9, 0.201)] ?대룞1.52s 異붿쟻0.10s 遺꾨쪟1.21s ?좉퇋 69
  ?? 5 cmd -1900 ?대룞 [(-1944.0, 0, 0.174), (-1660.0, -4, 0.108), (-1557.0, -12, 0.139)] ?대룞1.57s 異붿쟻0.10s 遺꾨쪟1.07s ?좉퇋 63
  ?? 6 cmd -1900 ?대룞 [(-1657.0, 0, 0.23), (-1734.0, 0, 0.278), (-1813.0, 0, 0.312)] ?대룞1.76s 異붿쟻0.10s 遺꾨쪟0.90s ?좉퇋 66
  ?? 7 cmd -1900 ?대룞 [(-1766.0, 0, 0.226), (-1923.0, 0, 0.226), (-1959.0, 0, 0.12)] ?대룞2.09s 異붿쟻0.07s 遺꾨쪟1.24s ?좉퇋 72
  ?? 8 cmd -1900 ?대룞 [(-1790.0, 0, 0.325), (-1881.0, 1, 0.304), (-1978.0, 0, 0.188)] ?대룞2.17s 異붿쟻0.08s 遺꾨쪟1.20s ?좉퇋 72
  ?? 9 cmd -1900 ?대룞 [(-1762.0, 0, 0.244), (-1886.0, -1, 0.14), (-1972.0, 0, 0.155)] ?대룞2.10s 異붿쟻0.07s 遺꾨쪟1.23s ?좉퇋 71
  ??10 cmd -1900 ?대룞 [(-1764.0, -5, 0.214), (-1899.0, 0, 0.258), (-1977.0, -1, 0.276)] ?대룞2.04s 異붿쟻0.09s 遺꾨쪟1.17s ?좉퇋 71
[row 5] ?먰봽 (1030, 640) 5.7s, ?좉퇋 51???遺꾨쪟 0.9s
  ?? 1 cmd -520 ?대룞 [(-473.0, 0, 0.315), (-502.0, 0, 0.316), (-535.0, 0, 0.323)] ?대룞1.31s 異붿쟻0.09s 遺꾨쪟0.81s ?좉퇋 48
  ?? 2 cmd -1900 ?대룞 [(-1767.0, 0, 0.408), (-1394.0, 12, 0.164), (-1978.0, 1, 0.15)] ?대룞1.80s 異붿쟻0.09s 遺꾨쪟1.10s ?좉퇋 65
  ?? 3 cmd -1900 ?대룞 [(-1774.0, 0, 0.201), (-1912.0, 0, 0.193), (-2001.0, 0, 0.146)] ?대룞1.61s 異붿쟻0.10s 遺꾨쪟1.29s ?좉퇋 75
  ?? 4 cmd -1900 ?대룞 [(-1789.0, 0, 0.215), (-1917.0, 0, 0.289), (-1987.0, 0, 0.212)] ?대룞1.56s 異붿쟻0.10s 遺꾨쪟1.27s ?좉퇋 70
  ?? 5 cmd -1900 ?대룞 [(-1790.0, 0, 0.209), (-1874.0, 0, 0.178), (-1974.0, 0, 0.177)] ?대룞1.86s 異붿쟻0.10s 遺꾨쪟1.21s ?좉퇋 71
  ?? 6 cmd -1900 ?대룞 [(-1788.0, 0, 0.27), (-1895.0, -3, 0.187), (-1976.0, -1, 0.111)] ?대룞1.65s 異붿쟻0.12s 遺꾨쪟1.21s ?좉퇋 72
  ?? 7 cmd -1900 ?대룞 [(-1762.0, 0, 0.161), (-1903.0, 0, 0.2), (-1981.0, 0, 0.212)] ?대룞1.62s 異붿쟻0.09s 遺꾨쪟1.23s ?좉퇋 72
  ?? 8 cmd -1900 ?대룞 [(-1837.0, 0, 0.355), (-1881.0, 0, 0.264), (-1980.0, -2, 0.256)] ?대룞1.63s 異붿쟻0.11s 遺꾨쪟1.23s ?좉퇋 72
  ?? 9 cmd -1900 ?대룞 [(-1774.0, 0, 0.161), (-1898.0, 0, 0.24), (-1663.0, -4, 0.196)] ?대룞1.51s 異붿쟻0.09s 遺꾨쪟1.07s ?좉퇋 64
  ??10 cmd -1900 ?대룞 [(-1413.0, -12, 0.204), (-1890.0, 1, 0.229), (-1466.0, -12, 0.172)] ?대룞1.55s 異붿쟻0.12s 遺꾨쪟1.09s ?좉퇋 64
[row 6] ?먰봽 (1032, 644) 5.7s, ?좉퇋 51???遺꾨쪟 0.9s
  ?? 1 cmd -520 ?대룞 [(-471.0, 0, 0.368), (-495.0, 0, 0.324), (-524.0, 0, 0.445)] ?대룞1.40s 異붿쟻0.10s 遺꾨쪟0.79s ?좉퇋 48
  ?? 2 cmd -1900 ?대룞 [(-1669.0, -12, 0.157), (-1883.0, -3, 0.113), (-1755.0, 12, 0.251)] ?대룞1.72s 異붿쟻0.11s 遺꾨쪟0.87s ?좉퇋 67
  ?? 3 cmd -1900 ?대룞 [(-1566.0, 0, 0.088), (-1756.0, 12, 0.016), (-1681.0, 12, 0.186)] ?대룞2.19s 異붿쟻0.10s 遺꾨쪟1.10s ?좉퇋 63
  ?? 4 cmd -1900 ?대룞 [(-1577.0, -12, 0.235), (-1569.0, -3, 0.199), (-1499.0, -12, 0.171)] ?대룞1.79s 異붿쟻0.11s 遺꾨쪟0.86s ?좉퇋 60
  ?? 5 cmd -1900 ?대룞 [(-1427.0, -5, 0.123), (-1579.0, 12, 0.099), (-1733.0, -10, 0.071)] ?대룞1.70s 異붿쟻0.09s 遺꾨쪟0.80s ?좉퇋 63
  ?? 6 cmd -1900 ?대룞 [(-1565.0, 9, 0.115), (-1721.0, 10, 0.154), (-1672.0, 7, 0.025)] ?대룞1.77s 異붿쟻0.10s 遺꾨쪟1.08s ?좉퇋 64
  ?? 7 cmd -1900 ?대룞 [(-1572.0, 12, 0.128), (-1505.0, -11, 0.132), (-1543.0, -6, 0.051)] ?대룞1.67s 異붿쟻0.09s 遺꾨쪟1.04s ?좉퇋 59
  ?? 8 cmd -1900 ?대룞 [(-1846.0, 0, 0.313), (-1877.0, 1, 0.389), (-1501.0, 9, 0.152)] ?대룞1.55s 異붿쟻0.07s 遺꾨쪟0.84s ?좉퇋 63
  ?? 9 cmd -1900 ?대룞 [(-1614.0, 12, 0.066), (-1643.0, 12, 0.087), (-1683.0, -1, 0.21)] ?대룞1.65s 異붿쟻0.10s 遺꾨쪟1.09s ?좉퇋 64
  ??10 cmd -1900 ?대룞 [(-1803.0, 12, 0.102), (-1392.0, -4, 0.147), (-1686.0, 0, 0.123)] ?대룞1.74s 異붿쟻0.05s 遺꾨쪟0.85s ?좉퇋 61
[row 7] ?먰봽 (1034, 648) 5.9s, ?좉퇋 51???遺꾨쪟 0.9s
  ?? 1 cmd -520 ?대룞 [(-394.0, 0, 0.303), (-415.0, 0, 0.439), (-424.0, 0, 0.425)] ?대룞1.31s 異붿쟻0.10s 遺꾨쪟0.77s ?좉퇋 45
  ?? 2 cmd -1900 ?대룞 [(-1798.0, 0, 0.235), (-1990.0, 0, 0.266), (-1996.0, 0, 0.192)] ?대룞1.73s 異붿쟻0.05s 遺꾨쪟1.24s ?좉퇋 75
  ?? 3 cmd -1900 ?대룞 [(-1695.0, 0, 0.16), (-1852.0, 0, 0.312), (-1882.0, 0, 0.13)] ?대룞1.71s 異붿쟻0.05s 遺꾨쪟1.07s ?좉퇋 69
  ?? 4 cmd -1900 ?대룞 [(-1314.0, 1, 0.097), (-1573.0, 8, 0.097), (-1672.0, 9, 0.052)] ?대룞1.64s 異붿쟻0.05s 遺꾨쪟1.04s ?좉퇋 61
  ?? 5 cmd -1900 ?대룞 [(-1610.0, -10, 0.117), (-1713.0, 6, 0.137), (-1767.0, 12, 0.096)] ?대룞1.66s 異붿쟻0.05s 遺꾨쪟0.95s ?좉퇋 65
  ?? 6 cmd -1900 ?대룞 [(-1293.0, -12, 0.237), (-1772.0, 12, 0.236), (-1563.0, 12, 0.304)] ?대룞1.79s 異붿쟻0.09s 遺꾨쪟0.85s ?좉퇋 62
  ?? 7 cmd -1900 ?대룞 [(-1470.0, -9, 0.123), (-1628.0, -12, 0.073), (-1470.0, 9, 0.157)] ?대룞1.73s 異붿쟻0.11s 遺꾨쪟0.71s ?좉퇋 57
  ?? 8 cmd -1900 ?대룞 [(-1779.0, -12, 0.136), (-1631.0, -8, 0.166), (-1917.0, 12, 0.121)] ?대룞1.55s 異붿쟻0.10s 遺꾨쪟1.17s ?좉퇋 69
  ?? 9 cmd -1900 ?대룞 [(-1356.0, 11, 0.256), (-1543.0, -2, 0.295), (-1663.0, 12, 0.208)] ?대룞1.59s 異붿쟻0.10s 遺꾨쪟1.06s ?좉퇋 59
  ??10 cmd -1900 ?대룞 [(-1349.0, -9, 0.093), (-1771.0, -11, 0.067), (-1512.0, -2, 0.101)] ?대룞1.69s 異붿쟻0.07s 遺꾨쪟1.04s ?좉퇋 61
[row 8] ?먰봽 (1036, 652) 5.8s, ?좉퇋 51???遺꾨쪟 0.9s
  ?? 1 cmd -520 ?대룞 [(-467.0, 0, 0.351), (-506.0, 0, 0.45), (-521.0, 0, 0.508)] ?대룞1.10s 異붿쟻0.10s 遺꾨쪟0.78s ?좉퇋 48
  ?? 2 cmd -1900 ?대룞 [(-1803.0, -12, 0.117), (-1392.0, 2, 0.141), (-1721.0, -2, 0.119)] ?대룞1.61s 異붿쟻0.10s 遺꾨쪟1.04s ?좉퇋 61
  ?? 3 cmd -1900 ?대룞 [(-1777.0, -3, 0.149), (-1894.0, 0, 0.41), (-2011.0, 0, 0.298)] ?대룞2.03s 異붿쟻0.07s 遺꾨쪟1.27s ?좉퇋 73
  ?? 4 cmd -1900 ?대룞 [(-1765.0, 0, 0.262), (-1879.0, 0, 0.159), (-1987.0, 0, 0.216)] ?대룞2.01s 異붿쟻0.08s 遺꾨쪟1.28s ?좉퇋 72
  ?? 5 cmd -1900 ?대룞 [(-1359.0, 8, 0.126), (-1913.0, 0, 0.227), (-2059.0, 0, 0.428)] ?대룞1.90s 異붿쟻0.11s 遺꾨쪟1.22s ?좉퇋 72
  ?? 6 cmd -1900 ?대룞 [(-1764.0, 0, 0.155), (-1886.0, -1, 0.203), (-1971.0, 12, 0.219)] ?대룞1.61s 異붿쟻0.09s 遺꾨쪟1.24s ?좉퇋 74
  ?? 7 cmd -1900 ?대룞 [(-1529.0, -4, 0.278), (-1579.0, 12, 0.299), (-1690.0, -7, 0.236)] ?대룞1.69s 異붿쟻0.11s 遺꾨쪟1.07s ?좉퇋 63
  ?? 8 cmd -1900 ?대룞 [(-1804.0, 0, 0.194), (-1909.0, -1, 0.166), (-1739.0, -12, -0.004)] ?대룞1.61s 異붿쟻0.11s 遺꾨쪟1.16s ?좉퇋 70
  ?? 9 cmd -1900 ?대룞 [(-1844.0, 0, 0.21), (-1868.0, 0, 0.168), (-1732.0, -1, 0.111)] ?대룞1.54s 異붿쟻0.10s 遺꾨쪟1.20s ?좉퇋 69
  ??10 cmd -1900 ?대룞 [(-1553.0, 11, 0.236), (-1875.0, 0, 0.175), (-1975.0, 0, 0.133)] ?대룞1.59s 異붿쟻0.10s 遺꾨쪟1.21s ?좉퇋 72

諛⑸Ц 99?? 珥?321s, ?좉퇋 6417???(諛⑸Ц???됯퇏 64.8) ??諛⑸Ц???됯퇏 3.22s
?ы봽 ?몄궫: 2,624,400???첨 20.0???s ??36.4?쒓컙
