대상 hwnd=0x60042 client=(2544, 657) elevated=True
[row 0] 점프 (1020, 620) 5.8s, 신규 51타일 분류 0.9s
  팬# 1 cmd -520 이동 [(-473.0, 0, 0.416), (-502.0, 0, 0.334), (-558.0, 0, 0.514)] 이동1.21s 추적0.11s 분류0.86s 신규 50
  팬# 2 cmd -1900 이동 [(-1298.0, 2, 0.128), (-1528.0, 2, 0.053), (-1647.0, 1, -0.003)] 이동1.71s 추적0.10s 분류0.99s 신규 58
  팬# 3 cmd -1900 이동 [(-1649.0, -4, 0.138), (-1869.0, -7, 0.122), (-1494.0, -4, 0.228)] 이동1.64s 추적0.10s 분류1.14s 신규 65
  팬# 4 cmd -1900 이동 [(-1948.0, 8, 0.14), (-1550.0, -11, 0.176), (-1506.0, 11, 0.197)] 이동1.71s 추적0.08s 분류1.07s 신규 62
  팬# 5 cmd -1900 이동 [(-1635.0, 0, 0.276), (-1729.0, 0, 0.293), (-1819.0, 0, 0.361)] 이동1.69s 추적0.10s 분류1.21s 신규 70
  팬# 6 cmd -1900 이동 [(-1765.0, 0, 0.494), (-1904.0, 0, 0.445), (-1970.0, 0, 0.247)] 이동1.63s 추적0.10s 분류1.24s 신규 73
  팬# 7 cmd -1900 이동 [(-1518.0, 12, 0.331), (-2003.0, 7, 0.117), (-1624.0, 11, 0.095)] 이동1.67s 추적0.09s 분류1.18s 신규 68
  팬# 8 cmd -1900 이동 [(-1606.0, -12, 0.217), (-1773.0, 4, 0.148), (-1514.0, 10, 0.106)] 이동1.68s 추적0.10s 분류1.13s 신규 64
  팬# 9 cmd -1900 이동 [(-2049.0, -12, 0.122), (-1524.0, 6, 0.065), (-1681.0, 12, 0.094)] 이동1.76s 추적0.05s 분류1.09s 신규 67
  팬#10 cmd -1900 이동 [(-1765.0, 0, 0.198), (-1917.0, -1, 0.136), (-1589.0, 12, 0.208)] 이동1.70s 추적0.08s 분류1.17s 신규 67
[row 1] 점프 (1022, 624) 5.9s, 신규 51타일 분류 0.9s
  팬# 1 cmd -520 이동 [(-486.0, 0, 0.499), (-528.0, 0, 0.41), (-540.0, 0, 0.531)] 이동1.17s 추적0.10s 분류0.80s 신규 48
  팬# 2 cmd -1900 이동 [(-1778.0, -3, 0.299), (-1884.0, -5, 0.417), (-1956.0, 0, 0.31)] 이동1.60s 추적0.10s 분류1.24s 신규 73
  팬# 3 cmd -1900 이동 [(-1815.0, 1, 0.41), (-1920.0, 0, 0.46), (-1990.0, -1, 0.64)] 이동1.99s 추적0.04s 분류1.28s 신규 73
  팬# 4 cmd -1900 이동 [(-1773.0, -1, 0.291), (-1922.0, -1, 0.505), (-1968.0, 1, 0.4)] 이동1.57s 추적0.10s 분류1.21s 신규 71
  팬# 5 cmd -1900 이동 [(-1333.0, 12, 0.276), (-1890.0, 0, 0.379), (-1979.0, 0, 0.385)] 이동1.60s 추적0.10s 분류1.27s 신규 72
  팬# 6 cmd -1900 이동 [(-1862.0, -3, 0.327), (-1951.0, -2, 0.192), (-1985.0, 0, 0.243)] 이동1.60s 추적0.10s 분류1.25s 신규 72
  팬# 7 cmd -1900 이동 [(-1811.0, 0, 0.216), (-1898.0, 0, 0.188), (-1976.0, 0, 0.18)] 이동1.60s 추적0.10s 분류1.26s 신규 72
  팬# 8 cmd -1900 이동 [(-1795.0, 0, 0.149), (-1885.0, 0, 0.169), (-1966.0, 0, 0.157)] 이동1.60s 추적0.10s 분류1.21s 신규 71
  팬# 9 cmd -1900 이동 [(-1996.0, 3, 0.146), (-1892.0, 0, 0.264), (-1959.0, 2, 0.16)] 이동1.53s 추적0.10s 분류1.20s 신규 72
  팬#10 cmd -1900 이동 [(-1851.0, 5, 0.446), (-2003.0, -3, 0.457), (-2085.0, 8, 0.166)] 이동1.72s 추적0.08s 분류1.32s 신규 77
[row 2] 점프 (1024, 628) 5.8s, 신규 51타일 분류 0.9s
  팬# 1 cmd -520 이동 [(-471.0, 0, 0.356), (-506.0, 0, 0.376), (-524.0, 0, 0.449)] 이동1.41s 추적0.10s 분류0.81s 신규 48
  팬# 2 cmd -1900 이동 [(-1773.0, 0, 0.354), (-1906.0, -4, 0.254), (-1971.0, 0, 0.318)] 이동1.99s 추적0.10s 분류1.25s 신규 72
  팬# 3 cmd -1900 이동 [(-1778.0, 0, 0.377), (-1884.0, -1, 0.359), (-1971.0, 1, 0.39)] 이동1.85s 추적0.02s 분류1.27s 신규 74
  팬# 4 cmd -1900 이동 [(-1860.0, 0, 0.306), (-1956.0, 0, 0.277), (-1634.0, 9, 0.247)] 이동1.82s 추적0.10s 분류1.07s 신규 65
  팬# 5 cmd -1900 이동 [(-1797.0, 0, 0.429), (-1897.0, 0, 0.453), (-1967.0, 0, 0.539)] 이동1.57s 추적0.04s 분류1.23s 신규 73
  팬# 6 cmd -1900 이동 [(-1817.0, 0, 0.224), (-1918.0, 0, 0.414), (-2032.0, 0, 0.201)] 이동1.93s 추적0.11s 분류1.23s 신규 73
  팬# 7 cmd -1900 이동 [(-1765.0, 0, 0.177), (-1940.0, -2, 0.211), (-1971.0, 0, 0.22)] 이동1.82s 추적0.10s 분류1.21s 신규 71
  팬# 8 cmd -1900 이동 [(-1794.0, 0, 0.149), (-1914.0, 0, 0.13), (-1963.0, 7, 0.13)] 이동1.56s 추적0.10s 분류1.27s 신규 73
  팬# 9 cmd -1900 이동 [(-1741.0, -3, 0.101), (-1874.0, 0, 0.17), (-1992.0, 0, 0.259)] 이동1.62s 추적0.10s 분류1.24s 신규 70
  팬#10 cmd -1900 이동 [(-1815.0, -11, 0.253), (-1988.0, -12, 0.225), (-2002.0, 0, 0.261)] 이동1.53s 추적0.10s 분류1.26s 신규 72
[row 3] 점프 (1026, 632) 5.7s, 신규 51타일 분류 0.9s
  팬# 1 cmd -520 이동 [(-472.0, 0, 0.363), (-506.0, 0, 0.438), (-524.0, 0, 0.434)] 이동1.26s 추적0.09s 분류0.82s 신규 48
  팬# 2 cmd -1900 이동 [(-1779.0, 0, 0.464), (-1913.0, -1, 0.254), (-1612.0, 12, 0.157)] 이동2.07s 추적0.11s 분류1.11s 신규 65
  팬# 3 cmd -1900 이동 [(-1773.0, 0, 0.305), (-1882.0, 0, 0.123), (-2001.0, 0, 0.132)] 이동2.07s 추적0.09s 분류1.28s 신규 74
  팬# 4 cmd -1900 이동 [(-1776.0, 0, 0.503), (-1912.0, 0, 0.277), (-1997.0, 0, 0.509)] 이동1.71s 추적0.10s 분류1.24s 신규 72
  팬# 5 cmd -1900 이동 [(-1787.0, 0, 0.36), (-1869.0, 0, 0.22), (-2000.0, 0, 0.195)] 이동1.75s 추적0.10s 분류1.20s 신규 71
  팬# 6 cmd -1900 이동 [(-2072.0, -12, 0.107), (-2072.0, -12, 0.134), (-2064.0, -12, 0.085)] 이동1.55s 추적0.10s 분류1.27s 신규 76
  팬# 7 cmd -1900 이동 [(-1579.0, -6, 0.096), (-1650.0, 6, 0.077), (-1728.0, 7, 0.144)] 이동1.66s 추적0.11s 분류1.06s 신규 63
  팬# 8 cmd -1900 이동 [(-1543.0, 3, 0.081), (-1848.0, 12, 0.112), (-1731.0, -9, 0.12)] 이동1.74s 추적0.10s 분류1.11s 신규 66
  팬# 9 cmd -1900 이동 [(-1641.0, 2, 0.21), (-1691.0, 2, 0.284), (-1676.0, 7, 0.155)] 이동1.75s 추적0.10s 분류0.84s 신규 66
  팬#10 cmd -1900 이동 [(-1841.0, -12, 0.222), (-1865.0, -12, 0.217), (-1597.0, -3, 0.088)] 이동1.76s 추적0.10s 분류1.07s 신규 62
[row 4] 점프 (1028, 636) 6.1s, 신규 51타일 분류 0.8s
  팬# 1 cmd -520 이동 [(-468.0, 0, 0.368), (-501.0, 0, 0.507), (-524.0, 0, 0.506)] 이동1.13s 추적0.10s 분류0.83s 신규 48
  팬# 2 cmd -1900 이동 [(-1767.0, 0, 0.297), (-1899.0, -3, 0.333), (-1978.0, -1, 0.211)] 이동1.57s 추적0.10s 분류1.21s 신규 72
  팬# 3 cmd -1900 이동 [(-1885.0, 0, 0.208), (-1923.0, 0, 0.153), (-1990.0, 0, 0.176)] 이동1.56s 추적0.10s 분류1.24s 신규 73
  팬# 4 cmd -1900 이동 [(-1696.0, 4, 0.256), (-1980.0, -7, 0.294), (-1871.0, 9, 0.201)] 이동1.52s 추적0.10s 분류1.21s 신규 69
  팬# 5 cmd -1900 이동 [(-1944.0, 0, 0.174), (-1660.0, -4, 0.108), (-1557.0, -12, 0.139)] 이동1.57s 추적0.10s 분류1.07s 신규 63
  팬# 6 cmd -1900 이동 [(-1657.0, 0, 0.23), (-1734.0, 0, 0.278), (-1813.0, 0, 0.312)] 이동1.76s 추적0.10s 분류0.90s 신규 66
  팬# 7 cmd -1900 이동 [(-1766.0, 0, 0.226), (-1923.0, 0, 0.226), (-1959.0, 0, 0.12)] 이동2.09s 추적0.07s 분류1.24s 신규 72
  팬# 8 cmd -1900 이동 [(-1790.0, 0, 0.325), (-1881.0, 1, 0.304), (-1978.0, 0, 0.188)] 이동2.17s 추적0.08s 분류1.20s 신규 72
  팬# 9 cmd -1900 이동 [(-1762.0, 0, 0.244), (-1886.0, -1, 0.14), (-1972.0, 0, 0.155)] 이동2.10s 추적0.07s 분류1.23s 신규 71
  팬#10 cmd -1900 이동 [(-1764.0, -5, 0.214), (-1899.0, 0, 0.258), (-1977.0, -1, 0.276)] 이동2.04s 추적0.09s 분류1.17s 신규 71
[row 5] 점프 (1030, 640) 5.7s, 신규 51타일 분류 0.9s
  팬# 1 cmd -520 이동 [(-473.0, 0, 0.315), (-502.0, 0, 0.316), (-535.0, 0, 0.323)] 이동1.31s 추적0.09s 분류0.81s 신규 48
  팬# 2 cmd -1900 이동 [(-1767.0, 0, 0.408), (-1394.0, 12, 0.164), (-1978.0, 1, 0.15)] 이동1.80s 추적0.09s 분류1.10s 신규 65
  팬# 3 cmd -1900 이동 [(-1774.0, 0, 0.201), (-1912.0, 0, 0.193), (-2001.0, 0, 0.146)] 이동1.61s 추적0.10s 분류1.29s 신규 75
  팬# 4 cmd -1900 이동 [(-1789.0, 0, 0.215), (-1917.0, 0, 0.289), (-1987.0, 0, 0.212)] 이동1.56s 추적0.10s 분류1.27s 신규 70
  팬# 5 cmd -1900 이동 [(-1790.0, 0, 0.209), (-1874.0, 0, 0.178), (-1974.0, 0, 0.177)] 이동1.86s 추적0.10s 분류1.21s 신규 71
  팬# 6 cmd -1900 이동 [(-1788.0, 0, 0.27), (-1895.0, -3, 0.187), (-1976.0, -1, 0.111)] 이동1.65s 추적0.12s 분류1.21s 신규 72
  팬# 7 cmd -1900 이동 [(-1762.0, 0, 0.161), (-1903.0, 0, 0.2), (-1981.0, 0, 0.212)] 이동1.62s 추적0.09s 분류1.23s 신규 72
  팬# 8 cmd -1900 이동 [(-1837.0, 0, 0.355), (-1881.0, 0, 0.264), (-1980.0, -2, 0.256)] 이동1.63s 추적0.11s 분류1.23s 신규 72
  팬# 9 cmd -1900 이동 [(-1774.0, 0, 0.161), (-1898.0, 0, 0.24), (-1663.0, -4, 0.196)] 이동1.51s 추적0.09s 분류1.07s 신규 64
  팬#10 cmd -1900 이동 [(-1413.0, -12, 0.204), (-1890.0, 1, 0.229), (-1466.0, -12, 0.172)] 이동1.55s 추적0.12s 분류1.09s 신규 64
[row 6] 점프 (1032, 644) 5.7s, 신규 51타일 분류 0.9s
  팬# 1 cmd -520 이동 [(-471.0, 0, 0.368), (-495.0, 0, 0.324), (-524.0, 0, 0.445)] 이동1.40s 추적0.10s 분류0.79s 신규 48
  팬# 2 cmd -1900 이동 [(-1669.0, -12, 0.157), (-1883.0, -3, 0.113), (-1755.0, 12, 0.251)] 이동1.72s 추적0.11s 분류0.87s 신규 67
  팬# 3 cmd -1900 이동 [(-1566.0, 0, 0.088), (-1756.0, 12, 0.016), (-1681.0, 12, 0.186)] 이동2.19s 추적0.10s 분류1.10s 신규 63
  팬# 4 cmd -1900 이동 [(-1577.0, -12, 0.235), (-1569.0, -3, 0.199), (-1499.0, -12, 0.171)] 이동1.79s 추적0.11s 분류0.86s 신규 60
  팬# 5 cmd -1900 이동 [(-1427.0, -5, 0.123), (-1579.0, 12, 0.099), (-1733.0, -10, 0.071)] 이동1.70s 추적0.09s 분류0.80s 신규 63
  팬# 6 cmd -1900 이동 [(-1565.0, 9, 0.115), (-1721.0, 10, 0.154), (-1672.0, 7, 0.025)] 이동1.77s 추적0.10s 분류1.08s 신규 64
  팬# 7 cmd -1900 이동 [(-1572.0, 12, 0.128), (-1505.0, -11, 0.132), (-1543.0, -6, 0.051)] 이동1.67s 추적0.09s 분류1.04s 신규 59
  팬# 8 cmd -1900 이동 [(-1846.0, 0, 0.313), (-1877.0, 1, 0.389), (-1501.0, 9, 0.152)] 이동1.55s 추적0.07s 분류0.84s 신규 63
  팬# 9 cmd -1900 이동 [(-1614.0, 12, 0.066), (-1643.0, 12, 0.087), (-1683.0, -1, 0.21)] 이동1.65s 추적0.10s 분류1.09s 신규 64
  팬#10 cmd -1900 이동 [(-1803.0, 12, 0.102), (-1392.0, -4, 0.147), (-1686.0, 0, 0.123)] 이동1.74s 추적0.05s 분류0.85s 신규 61
[row 7] 점프 (1034, 648) 5.9s, 신규 51타일 분류 0.9s
  팬# 1 cmd -520 이동 [(-394.0, 0, 0.303), (-415.0, 0, 0.439), (-424.0, 0, 0.425)] 이동1.31s 추적0.10s 분류0.77s 신규 45
  팬# 2 cmd -1900 이동 [(-1798.0, 0, 0.235), (-1990.0, 0, 0.266), (-1996.0, 0, 0.192)] 이동1.73s 추적0.05s 분류1.24s 신규 75
  팬# 3 cmd -1900 이동 [(-1695.0, 0, 0.16), (-1852.0, 0, 0.312), (-1882.0, 0, 0.13)] 이동1.71s 추적0.05s 분류1.07s 신규 69
  팬# 4 cmd -1900 이동 [(-1314.0, 1, 0.097), (-1573.0, 8, 0.097), (-1672.0, 9, 0.052)] 이동1.64s 추적0.05s 분류1.04s 신규 61
  팬# 5 cmd -1900 이동 [(-1610.0, -10, 0.117), (-1713.0, 6, 0.137), (-1767.0, 12, 0.096)] 이동1.66s 추적0.05s 분류0.95s 신규 65
  팬# 6 cmd -1900 이동 [(-1293.0, -12, 0.237), (-1772.0, 12, 0.236), (-1563.0, 12, 0.304)] 이동1.79s 추적0.09s 분류0.85s 신규 62
  팬# 7 cmd -1900 이동 [(-1470.0, -9, 0.123), (-1628.0, -12, 0.073), (-1470.0, 9, 0.157)] 이동1.73s 추적0.11s 분류0.71s 신규 57
  팬# 8 cmd -1900 이동 [(-1779.0, -12, 0.136), (-1631.0, -8, 0.166), (-1917.0, 12, 0.121)] 이동1.55s 추적0.10s 분류1.17s 신규 69
  팬# 9 cmd -1900 이동 [(-1356.0, 11, 0.256), (-1543.0, -2, 0.295), (-1663.0, 12, 0.208)] 이동1.59s 추적0.10s 분류1.06s 신규 59
  팬#10 cmd -1900 이동 [(-1349.0, -9, 0.093), (-1771.0, -11, 0.067), (-1512.0, -2, 0.101)] 이동1.69s 추적0.07s 분류1.04s 신규 61
[row 8] 점프 (1036, 652) 5.8s, 신규 51타일 분류 0.9s
  팬# 1 cmd -520 이동 [(-467.0, 0, 0.351), (-506.0, 0, 0.45), (-521.0, 0, 0.508)] 이동1.10s 추적0.10s 분류0.78s 신규 48
  팬# 2 cmd -1900 이동 [(-1803.0, -12, 0.117), (-1392.0, 2, 0.141), (-1721.0, -2, 0.119)] 이동1.61s 추적0.10s 분류1.04s 신규 61
  팬# 3 cmd -1900 이동 [(-1777.0, -3, 0.149), (-1894.0, 0, 0.41), (-2011.0, 0, 0.298)] 이동2.03s 추적0.07s 분류1.27s 신규 73
  팬# 4 cmd -1900 이동 [(-1765.0, 0, 0.262), (-1879.0, 0, 0.159), (-1987.0, 0, 0.216)] 이동2.01s 추적0.08s 분류1.28s 신규 72
  팬# 5 cmd -1900 이동 [(-1359.0, 8, 0.126), (-1913.0, 0, 0.227), (-2059.0, 0, 0.428)] 이동1.90s 추적0.11s 분류1.22s 신규 72
  팬# 6 cmd -1900 이동 [(-1764.0, 0, 0.155), (-1886.0, -1, 0.203), (-1971.0, 12, 0.219)] 이동1.61s 추적0.09s 분류1.24s 신규 74
  팬# 7 cmd -1900 이동 [(-1529.0, -4, 0.278), (-1579.0, 12, 0.299), (-1690.0, -7, 0.236)] 이동1.69s 추적0.11s 분류1.07s 신규 63
  팬# 8 cmd -1900 이동 [(-1804.0, 0, 0.194), (-1909.0, -1, 0.166), (-1739.0, -12, -0.004)] 이동1.61s 추적0.11s 분류1.16s 신규 70
  팬# 9 cmd -1900 이동 [(-1844.0, 0, 0.21), (-1868.0, 0, 0.168), (-1732.0, -1, 0.111)] 이동1.54s 추적0.10s 분류1.20s 신규 69
  팬#10 cmd -1900 이동 [(-1553.0, 11, 0.236), (-1875.0, 0, 0.175), (-1975.0, 0, 0.133)] 이동1.59s 추적0.10s 분류1.21s 신규 72

방문 99회, 총 321s, 신규 6417타일 (방문당 평균 64.8) — 방문당 평균 3.22s
러프 외삽: 2,624,400타일 ÷ 20.0타일/s ≈ 36.4시간
