에이전트 연결 확인 (다음 명령 #27)
프레임 2546x689, 클라이언트 오프셋 (1, 31), 지도 모드 마커 0.17
점프 (1020, 620) 완료 (18.0s), 앵커 (1226.0, 368.0)

[G1] 소폭 드래그 (-300, 0)
  이동 (-256,0) 점수 0.637 | 팝업 영역 변화율 0.993 | 링 None | 판정 팬 동작

[G2] 왕복 드래그 12회(수평 ±520) + 4회(수직 ±250)
  # 1 left  이동 ( -444,   0) 점수 0.607
      관성 프로파일: [(0.5, 0, 0, 0.99), (0.8, 0, 0, 0.99)]
  # 2 right 이동 (  324, -22) 점수 0.294
      관성 프로파일: [(0.5, 0, 0, 0.996), (0.8, 0, 0, 0.995)]
  # 3 left  이동 ( -443,   0) 점수 0.608
  # 4 right 이동 (  323, -22) 점수 0.294
  # 5 left  이동 ( -443,   0) 점수 0.607
  # 6 right 이동 (  323, -22) 점수 0.296
  # 7 left  이동 ( -444,   0) 점수 0.607
  # 8 right 이동 (  324, -22) 점수 0.296
  # 9 left  이동 ( -444,   0) 점수 0.607
  #10 right 이동 (  323, -22) 점수 0.297
  #11 left  이동 ( -444,   0) 점수 0.607
  #12 right 이동 (  323, -22) 점수 0.3
  #13 down  이동 (   -2, 219) 점수 0.32
  #14 up    이동 (-1031, 146) 점수 0.21
  #15 down  이동 (   -2, 220) 점수 0.325
  #16 up    이동 ( -975, 157) 점수 0.188
  left  평균 ( -443.7,   0.0) 표준편차 (0.5,0.0)
  right 평균 (  323.3, -22.0) 표준편차 (0.5,0.0)
  down  평균 (   -2.0, 219.5) 표준편차 (0.0,0.7)
  up    평균 (-1003.0, 151.5) 표준편차 (39.6,7.8)

[G3] 재앵커 점프 → 좌로 10연속 팬 → 예측 클릭 검증 → 재점프
  팬 # 1 (-443,0) 점수 0.516 누적 (-443,0)
  팬 # 2 (-443,0) 점수 0.462 누적 (-886,0)
  팬 # 3 (-445,0) 점수 0.68 누적 (-1331,0)
  팬 # 4 (-446,-1) 점수 0.786 누적 (-1777,-1)
  팬 # 5 (-447,0) 점수 0.73 누적 (-2224,-1)
  팬 # 6 (-450,0) 점수 0.712 누적 (-2674,-1)
  팬 # 7 (-438,0) 점수 0.627 누적 (-3112,-1)
  팬 # 8 (-447,0) 점수 0.624 누적 (-3559,-1)
  팬 # 9 (-443,0) 점수 0.661 누적 (-4002,-1)
  팬 #10 (-442,0) 점수 0.723 누적 (-4444,-1)
  예측: 클라이언트 (1808, 280) = 타일 (1051, 585) → 클릭
  팝업 판독 None (밴드 dy=None) vs 예측 (1051, 585) → 드리프트(타일) None | 링 오차(px) [np.float64(50.9), np.float64(6.7)]
  재점프 18.4s 후 팬 재확인 (-259,0) 점수 0.725

결과 저장: C:\src\git\map_search\spikes\s5_drag_pan\work\s5_results.json
